─── 0. Pet Volume Ensure ───
[0m[1mInitializing provider plugins found in the configuration...[0m
- Reusing previous version of bpg/proxmox from the dependency lock file
- Using previously-installed bpg/proxmox v0.106.0

[0m[1mInitializing the backend...[0m

[0m[1mInitializing provider plugins found in the state...[0m
- Reusing previous version of bpg/proxmox
- Using previously-installed bpg/proxmox v0.106.0


[0m[1m[32mTerraform has been successfully initialized![0m[32m[0m
[0m[1mproxmox_virtual_environment_container.pet_storage: Refreshing state... [id=999][0m

Terraform used the selected providers to generate the following execution
plan. Resource actions are indicated with the following symbols:
[31m-[0m/[32m+[0m destroy and then create replacement[0m

Terraform will perform the following actions:

[1m  # proxmox_virtual_environment_container.pet_storage[0m must be [1m[31mreplaced[0m
[0m[31m-[0m/[32m+[0m[0m resource "proxmox_virtual_environment_container" "pet_storage" {
      [31m-[0m[0m environment_variables = {} [90m-> null[0m[0m
      [33m~[0m[0m id                    = "999" -> (known after apply)
      [33m~[0m[0m ipv4                  = {} -> (known after apply)
      [33m~[0m[0m ipv6                  = {} -> (known after apply)
      [33m~[0m[0m started               = false [33m->[0m[0m true
      [31m-[0m[0m tags                  = [] [90m-> null[0m[0m
        [90m# (13 unchanged attributes hidden)[0m[0m

      [33m~[0m[0m cpu {
          [33m~[0m[0m units        = 0 -> (known after apply)
            [90m# (3 unchanged attributes hidden)[0m[0m
        }

      [33m~[0m[0m disk {
          [31m-[0m[0m mount_options     = [] [90m-> null[0m[0m
          [33m~[0m[0m path_in_datastore = "local-lvm:vm-999-disk-0" -> (known after apply)
            [90m# (5 unchanged attributes hidden)[0m[0m
        }

      [33m~[0m[0m features {
          [31m-[0m[0m mount   = [] [90m-> null[0m[0m
            [90m# (4 unchanged attributes hidden)[0m[0m
        }

      [33m~[0m[0m mount_point { [31m# forces replacement[0m[0m
          [31m-[0m[0m mount_options     = [] [90m-> null[0m[0m
          [33m~[0m[0m path_in_datastore = "local-lvm:vm-999-disk-1" -> (known after apply)
          [33m~[0m[0m volume            = "local-lvm:vm-999-disk-1" [33m->[0m[0m "local-lvm"
            [90m# (8 unchanged attributes hidden)[0m[0m
        }
      [31m-[0m[0m mount_point { [31m# forces replacement[0m[0m
          [31m-[0m[0m acl               = false [90m-> null[0m[0m
          [31m-[0m[0m backup            = true [90m-> null[0m[0m
          [31m-[0m[0m mount_options     = [] [90m-> null[0m[0m
          [31m-[0m[0m path              = "/mnt/tazpod-volume" [90m-> null[0m[0m
          [31m-[0m[0m path_in_datastore = "local-lvm:vm-999-disk-2" [90m-> null[0m[0m
          [31m-[0m[0m quota             = false [90m-> null[0m[0m
          [31m-[0m[0m read_only         = false [90m-> null[0m[0m
          [31m-[0m[0m replicate         = true [90m-> null[0m[0m
          [31m-[0m[0m shared            = false [90m-> null[0m[0m
          [31m-[0m[0m size              = "10G" [90m-> null[0m[0m [31m# forces replacement[0m[0m
          [31m-[0m[0m volume            = "local-lvm:vm-999-disk-2" [90m-> null[0m[0m [31m# forces replacement[0m[0m
        }

      [33m~[0m[0m network_interface {
          [33m~[0m[0m mac_address  = "BC:24:11:F7:E3:01" -> (known after apply)
            name         = "eth0"
            [90m# (7 unchanged attributes hidden)[0m[0m
        }

        [90m# (3 unchanged blocks hidden)[0m[0m
    }

[1mPlan:[0m [0m1 to add, 0 to change, 1 to destroy.
[0m[1mproxmox_virtual_environment_container.pet_storage: Destroying... [id=999][0m[0m
[31m╷[0m[0m
[31m│[0m [0m[1m[31mError: [0m[0m[1mContainer delete[0m
[31m│[0m [0m
[31m│[0m [0m[0mAll attempts fail:
[31m│[0m [0m#1: error deleting container: received an HTTP 500 response - Reason: can't
[31m│[0m [0mremove CT 999 - protection mode enabled
[31m│[0m [0m#2: error deleting container: received an HTTP 500 response - Reason: can't
[31m│[0m [0mremove CT 999 - protection mode enabled
[31m│[0m [0m#3: error deleting container: received an HTTP 500 response - Reason: can't
[31m│[0m [0mremove CT 999 - protection mode enabled
[31m╵[0m[0m
